../LWIP/Target/ethernetif.c:188:13:low_level_init	24	static
../LWIP/Target/ethernetif.c:289:14:low_level_output	80	static
../LWIP/Target/ethernetif.c:337:22:low_level_input	24	static
../LWIP/Target/ethernetif.c:358:6:ethernetif_input	24	static
../LWIP/Target/ethernetif.c:408:7:ethernetif_init	16	static
../LWIP/Target/ethernetif.c:459:6:pbuf_free_custom	24	static
../LWIP/Target/ethernetif.c:482:7:sys_now	8	static
../LWIP/Target/ethernetif.c:495:6:HAL_ETH_MspInit	64	static
../LWIP/Target/ethernetif.c:560:6:HAL_ETH_MspDeInit	16	static
../LWIP/Target/ethernetif.c:608:9:ETH_PHY_IO_Init	8	static
../LWIP/Target/ethernetif.c:625:9:ETH_PHY_IO_DeInit	4	static
../LWIP/Target/ethernetif.c:637:9:ETH_PHY_IO_ReadReg	24	static
../LWIP/Target/ethernetif.c:656:9:ETH_PHY_IO_WriteReg	24	static
../LWIP/Target/ethernetif.c:671:9:ETH_PHY_IO_GetTick	8	static
../LWIP/Target/ethernetif.c:681:6:ethernet_link_check_state	136	static
../LWIP/Target/ethernetif.c:738:6:HAL_ETH_RxAllocateCallback	32	static
../LWIP/Target/ethernetif.c:761:6:HAL_ETH_RxLinkCallback	56	static,ignoring_inline_asm
../LWIP/Target/ethernetif.c:801:6:HAL_ETH_TxFreeCallback	16	static
