../Core/Src/stm32h7xx_it.c:83:6:NMI_Handler	4	static
../Core/Src/stm32h7xx_it.c:98:6:HardFault_Handler	4	static
../Core/Src/stm32h7xx_it.c:113:6:MemManage_Handler	4	static
../Core/Src/stm32h7xx_it.c:128:6:BusFault_Handler	4	static
../Core/Src/stm32h7xx_it.c:143:6:UsageFault_Handler	4	static
../Core/Src/stm32h7xx_it.c:158:6:SVC_Handler	4	static
../Core/Src/stm32h7xx_it.c:171:6:DebugMon_Handler	4	static
../Core/Src/stm32h7xx_it.c:184:6:PendSV_Handler	4	static
../Core/Src/stm32h7xx_it.c:197:6:SysTick_Handler	8	static
../Core/Src/stm32h7xx_it.c:218:6:EXTI0_IRQHandler	8	static
../Core/Src/stm32h7xx_it.c:232:6:EXTI1_IRQHandler	8	static
../Core/Src/stm32h7xx_it.c:246:6:DMA1_Stream0_IRQHandler	8	static
../Core/Src/stm32h7xx_it.c:260:6:DMA1_Stream1_IRQHandler	8	static
../Core/Src/stm32h7xx_it.c:274:6:DMA1_Stream2_IRQHandler	8	static
../Core/Src/stm32h7xx_it.c:288:6:DMA1_Stream3_IRQHandler	8	static
../Core/Src/stm32h7xx_it.c:302:6:DMA1_Stream4_IRQHandler	8	static
../Core/Src/stm32h7xx_it.c:316:6:TIM2_IRQHandler	8	static
../Core/Src/stm32h7xx_it.c:330:6:TIM8_TRG_COM_TIM14_IRQHandler	8	static
../Core/Src/stm32h7xx_it.c:344:6:TIM5_IRQHandler	8	static
../Core/Src/stm32h7xx_it.c:358:6:TIM7_IRQHandler	8	static
../Core/Src/stm32h7xx_it.c:372:6:ETH_IRQHandler	8	static
../Core/Src/stm32h7xx_it.c:386:6:LPTIM1_IRQHandler	8	static
../Core/Src/stm32h7xx_it.c:400:6:LPTIM2_IRQHandler	8	static
../Core/Src/stm32h7xx_it.c:414:6:LPTIM3_IRQHandler	8	static
../Core/Src/stm32h7xx_it.c:428:6:TIM23_IRQHandler	8	static
../Core/Src/stm32h7xx_it.c:442:6:TIM24_IRQHandler	8	static
